
> gym-admin@0.0.0 build
> tsc -b && vite build

src/App.tsx(1,8): error TS6133: 'React' is declared but its value is never read.
src/App.tsx(2,56): error TS7016: Could not find a declaration file for module 'firebase/firestore'. 'C:/Users/HP/Desktop/nayan/gym-admin/node_modules/firebase/firestore/dist/esm/index.esm.js' implicitly has an 'any' type.
  Try `npm i --save-dev @types/firebase` if it exists or add a new declaration (.d.ts) file containing `declare module 'firebase/firestore';`
src/App.tsx(27,47): error TS7006: Parameter 'snapshot' implicitly has an 'any' type.
src/App.tsx(28,43): error TS7006: Parameter 'doc' implicitly has an 'any' type.
src/App.tsx(36,40): error TS7006: Parameter 'u' implicitly has an 'any' type.
src/App.tsx(39,9): error TS7006: Parameter 'error' implicitly has an 'any' type.
src/firebase.ts(1,31): error TS7016: Could not find a declaration file for module 'firebase/app'. 'C:/Users/HP/Desktop/nayan/gym-admin/node_modules/firebase/app/dist/esm/index.esm.js' implicitly has an 'any' type.
  Try `npm i --save-dev @types/firebase` if it exists or add a new declaration (.d.ts) file containing `declare module 'firebase/app';`
src/firebase.ts(2,66): error TS7016: Could not find a declaration file for module 'firebase/firestore'. 'C:/Users/HP/Desktop/nayan/gym-admin/node_modules/firebase/firestore/dist/esm/index.esm.js' implicitly has an 'any' type.
  Try `npm i --save-dev @types/firebase` if it exists or add a new declaration (.d.ts) file containing `declare module 'firebase/firestore';`
src/firebase.ts(3,25): error TS7016: Could not find a declaration file for module 'firebase/auth'. 'C:/Users/HP/Desktop/nayan/gym-admin/node_modules/firebase/auth/dist/esm/index.esm.js' implicitly has an 'any' type.
  Try `npm i --save-dev @types/firebase` if it exists or add a new declaration (.d.ts) file containing `declare module 'firebase/auth';`
src/firebase.ts(23,47): error TS7006: Parameter 'err' implicitly has an 'any' type.
